[
    {
        "address": "<redacted>",
        "delegationDeposit": 0,
        "rewardAccountBalance": 0,
        "stakeDelegation": "<redacted>",
        "voteDelegation": "<redacted>"
    }
]