{
    "block": "<redacted>",
    "epoch": "<redacted>",
    "era": "Conway",
    "hash": "<redacted>",
    "slot": "<redacted>",
    "slotInEpoch": "<redacted>",
    "slotsToEpochEnd": "<redacted>",
    "syncProgress": "100.00"
}